// Jest Snapshot v1, https://goo.gl/fbAQLP

exports[`Home has expected content with deep render 1`] = `
<div
  className="dyna-speed-buttons dyna-speed-buttons__style-ROUNDED"
/>
`;
